// Jest Snapshot v1, https://goo.gl/fbAQLP

exports[`SearchBy renders correctly 1`] = `
<div
  className="search_by_wrapper"
>
  <span
    className="search_by_title"
  >
    SEARCH BY
  </span>
  <Connect(SortInput)
    defaultChecked={true}
    id="title"
    inputClass="search_type_input"
    labelClass="search_type_button"
    name="searchBy"
    text="title"
  />
  <Connect(SortInput)
    id="genres"
    inputClass="search_type_input"
    labelClass="search_type_button"
    name="searchBy"
    text="genre"
  />
</div>
`;
