// Jest Snapshot v1, https://goo.gl/fbAQLP

exports[`Header renders correctly 1`] = `
<header
  className="header"
>
  <Logo />
  <div
    className="findYourMovie"
  >
    <span
      className="findYourMovie_span"
    >
      FIND YOUR MOVIE
    </span>
  </div>
  <Search />
  <div
    className="header_searchControls"
  >
    <SearchBy />
    <Button
      text="SEARCH"
    />
  </div>
</header>
`;
