// Jest Snapshot v1, https://goo.gl/fbAQLP

exports[`SortInput renders correctly 1`] = `
<React.Fragment>
  <input
    className="inputClass"
    defaultChecked="defaultChecked"
    id="id"
    name="name"
    type="radio"
  />
  <label
    className="labelClass"
    htmlFor="id"
  >
    text
  </label>
</React.Fragment>
`;
