// Jest Snapshot v1, https://goo.gl/fbAQLP

exports[`SortBy renders correctly 1`] = `
<div
  className="sort_by"
>
  <span
    className="sort_by__span"
  >
    Sort by
  </span>
  <Connect(SortInput)
    defaultChecked={true}
    id="release_date"
    inputClass="sort_by_input"
    labelClass="sort_by_button"
    name="sortBy"
    text="Release date"
  />
  <Connect(SortInput)
    id="vote_average"
    inputClass="sort_by_input"
    labelClass="sort_by_button"
    name="sortBy"
    text="Rating"
  />
</div>
`;
