// Jest Snapshot v1, https://goo.gl/fbAQLP

exports[`SortBy renders correctly 1`] = `
<div
  className="sortBy"
>
  <span
    className="sortBy_span"
  >
    Sort by
  </span>
  <SortInput
    defaultChecked="defaultChecked"
    id="releaseDate"
    inputClass="sortBy_input"
    labelClass="sortBy_button"
    name="sortBy"
    text="Release date"
  />
  <SortInput
    defaultChecked=""
    id="Rating"
    inputClass="sortBy_input"
    labelClass="sortBy_button"
    name="sortBy"
    text="Rating"
  />
</div>
`;
