// Jest Snapshot v1, https://goo.gl/fbAQLP

exports[`Root renders correctly 1`] = `
<main
  className="main"
>
  <Switch>
    <Route
      component={[Function]}
      exact={true}
      path="/"
    />
    <Route
      component={[Function]}
      exact={true}
      path="/search"
    />
    <Route
      component={[Function]}
      exact={true}
      path="/movies"
    />
    <Route
      component={[Function]}
      exact={true}
      path="/movie/:id"
    />
    <Route
      component={[Function]}
      path="*"
    />
  </Switch>
</main>
`;
